=================================================================
  AmorphGen — Pipeline Summary
  Date: 2026-05-10 22:39:31
  Platform: macOS-15.0-arm64-arm-64bit
  Python: 3.12.5
=================================================================

  System:  O48Si24 (72 atoms)
  Model:   chgnet
  Device:  cpu
  Input:   SiO2_supercell.extxyz
  Output:  SiO2_melt_quench/
  Stages:  [1, 2, 3, 4, 5, 6, 7]

  Stage                                           Time (s)   Time (min)
  ---------------------------------------------------------------------
  1. Structure optimisation (crystalline)              2.0         0.0
  2. Pre-melt equilibration (300 K)                  122.0         2.0
  3. Melt (heat ramp)                                111.9         1.9
  4. High-T equilibration                            236.8         3.9
  5. Quench (cooling ramp)                           106.8         1.8
  6. Low-T equilibration                             245.7         4.1
  7. Final optimisation (amorphous)                    7.4         0.1
  ---------------------------------------------------------------------
  Total                                              832.5        13.9

  Per-atom total: 11.56 s/atom
  Per-atom stage 1: 0.03 s/atom
  Per-atom stage 2: 1.69 s/atom
  Per-atom stage 3: 1.55 s/atom
  Per-atom stage 4: 3.29 s/atom
  Per-atom stage 5: 1.48 s/atom
  Per-atom stage 6: 3.41 s/atom
  Per-atom stage 7: 0.10 s/atom

  Configuration:
    opt:
      fmax: 0.1
      max_steps: 100
    eq_premelt:
      ensemble: NVT
      T: 300
      steps: 1000
      timestep: 1.0
      friction: 0.01
      ttime: 25.0
    melt:
      ensemble: NPT
      T_start: 300
      T_end: 2000
      T_step: 200
      steps_per_T: 50
      rate: None
      timestep: 1.0
      friction: 0.01
      ttime: 25.0
    eq_high:
      ensemble: NPT
      T: 2000
      steps: 1000
      timestep: 1.0
      friction: 0.01
      ttime: 25.0
    quench:
      ensemble: NPT
      T_start: 2000
      T_end: 300
      T_step: -200
      steps_per_T: 50
      rate: None
      timestep: 1.0
      friction: 0.01
      ttime: 25.0
    eq_low:
      ensemble: NPT
      T: 300
      steps: 1000
      timestep: 1.0
      friction: 0.01
      ttime: 25.0

=================================================================
