
  Composition: O48Si24 (72 atoms)
  Initial cell: a=9.8299  b=9.8299  c=10.8626
  Volume: 909.00 A^3  Density: 2.63 g/cm3
  Optimizer: LBFGS  fmax=0.1  max_steps=100
  Cell filter: FrechetCellFilter

   Step      Energy(eV)   Fmax(eV/A)        a(A)        b(A)        c(A)     Vol(A3)
  -------------------------------------------------------------------------------------
      1     -599.881104     0.383822    9.830733    9.830733   10.863449    909.2225
      2     -600.016174     0.210514    9.835972    9.835972   10.868910    910.6494
      3     -600.019592     0.206494    9.836473    9.836473   10.869405    910.7837
      4     -600.074402     0.114626    9.852477    9.852477   10.885230    915.0800
      5     -600.076355     0.121051    9.852836    9.852836   10.885546    915.1734
      6     -600.085205     0.140451    9.855892    9.855892   10.888273    915.9706
      7     -600.099121     0.160137    9.862190    9.862190   10.893884    917.6141
      8     -600.142944     0.283806    9.884297    9.884297   10.913653    923.4054
      9     -600.188721     0.367140    9.911792    9.911792   10.938312    930.6477
     10     -600.253052     0.342643    9.939363    9.939363   10.962983    937.9431
     11     -600.315002     0.275994    9.967011    9.967010   10.987633    945.2891
     12     -600.366394     0.232924    9.994735    9.994735   11.012342    952.6929
     13     -600.406250     0.183100   10.022537   10.022537   11.036970    960.1428
     14     -600.434570     0.114391   10.050416   10.050416   11.061546    967.6416
     15     -600.449951     0.048608   10.078373   10.078372   11.086059    975.1886
  -------------------------------------------------------------------------------------

  Converged after 15 steps!  Fmax = 0.048608 eV/A
