    Step     Time_ps       T_K       Epot_eV       Ekin_eV       Etot_eV      Vol_A3
------------------------------------------------------------------------------------
       0      0.0000    2077.5     -221.5539        6.4449     -215.1090      331.56
     100      0.2000    2170.6     -214.7446        6.7337     -208.0109      331.56
     200      0.4000    1748.3     -215.8460        5.4237     -210.4222      331.56
     300      0.6000    3013.1     -213.9150        9.3473     -204.5678      331.56
     400      0.8000    1758.6     -214.4727        5.4557     -209.0170      331.56
     500      1.0000    2045.6     -212.6271        6.3459     -206.2812      331.56
     600      1.2000    1889.5     -214.5396        5.8618     -208.6778      331.56
     700      1.4000    1993.0     -214.2121        6.1829     -208.0292      331.56
     800      1.6000    2205.2     -216.0163        6.8412     -209.1751      331.56
     900      1.8000    1728.1     -213.3410        5.3609     -207.9800      331.56
    1000      2.0000    1779.1     -212.6374        5.5191     -207.1183      331.56
    1100      2.2000    1765.3     -214.6678        5.4764     -209.1914      331.56
    1200      2.4000    1900.3     -214.2226        5.8952     -208.3273      331.56
    1300      2.6000    2359.1     -214.2841        7.3185     -206.9655      331.56
    1400      2.8000    1901.9     -214.4562        5.9003     -208.5559      331.56
    1500      3.0000    1988.6     -213.9253        6.1690     -207.7563      331.56
    1600      3.2000    2055.1     -213.7518        6.3756     -207.3763      331.56
    1700      3.4000    2015.7     -213.7256        6.2533     -207.4723      331.56
    1800      3.6000    2026.5     -214.6003        6.2868     -208.3136      331.56
    1900      3.8000    2374.1     -212.3916        7.3650     -205.0266      331.56
    2000      4.0000    1879.5     -214.2890        5.8307     -208.4583      331.56
    2100      4.2000    1758.3     -214.5579        5.4548     -209.1031      331.56
    2200      4.4000    2439.7     -214.8416        7.5686     -207.2730      331.56
    2300      4.6000    2004.5     -212.7797        6.2185     -206.5612      331.56
    2400      4.8000    1598.7     -214.8340        4.9597     -209.8744      331.56
    2500      5.0000    2321.6     -214.9785        7.2023     -207.7763      331.56
    2600      5.2000    2133.6     -213.1724        6.6188     -206.5536      331.56
    2700      5.4000    2934.6     -215.6786        9.1038     -206.5749      331.56
    2800      5.6000    2204.9     -213.9332        6.8402     -207.0930      331.56
    2900      5.8000    2053.6     -214.3247        6.3707     -207.9540      331.56
    3000      6.0000    2217.3     -214.8002        6.8787     -207.9214      331.56
    3100      6.2000    2082.1     -216.7203        6.4590     -210.2613      331.56
    3200      6.4000    2087.3     -215.2020        6.4752     -208.7268      331.56
    3300      6.6000    2272.9     -214.9121        7.0511     -207.8610      331.56
    3400      6.8000    2472.1     -216.3013        7.6690     -208.6324      331.56
    3500      7.0000    2383.3     -215.4546        7.3936     -208.0610      331.56
    3600      7.2000    2233.3     -215.0352        6.9282     -208.1070      331.56
    3700      7.4000    2333.1     -213.6610        7.2379     -206.4231      331.56
    3800      7.6000    2083.1     -213.6279        6.4623     -207.1657      331.56
    3900      7.8000    2367.2     -212.5482        7.3438     -205.2045      331.56
    4000      8.0000    1851.0     -214.3607        5.7424     -208.6183      331.56
    4100      8.2000    1433.7     -213.9630        4.4477     -209.5153      331.56
    4200      8.4000    1855.8     -213.3997        5.7571     -207.6426      331.56
    4300      8.6000    1751.7     -216.2531        5.4342     -210.8189      331.56
    4400      8.8000    2013.9     -215.8769        6.2476     -209.6293      331.56
    4500      9.0000    2767.2     -216.2471        8.5844     -207.6627      331.56
    4600      9.2000    2314.8     -213.3890        7.1811     -206.2078      331.56
    4700      9.4000    2078.8     -213.8896        6.4490     -207.4405      331.56
    4800      9.6000    1919.7     -214.4481        5.9555     -208.4927      331.56
    4900      9.8000    2014.1     -215.6467        6.2482     -209.3985      331.56
    5000     10.0000    1896.0     -212.5350        5.8820     -206.6530      331.56
    5100     10.2000    2099.3     -213.8746        6.5125     -207.3621      331.56
    5200     10.4000    1917.4     -212.7887        5.9483     -206.8404      331.56
    5300     10.6000    1653.1     -214.1918        5.1282     -209.0635      331.56
    5400     10.8000    2112.5     -214.8322        6.5534     -208.2788      331.56
    5500     11.0000    2013.5     -212.9283        6.2462     -206.6820      331.56
    5600     11.2000    2383.7     -213.9792        7.3948     -206.5844      331.56
    5700     11.4000    2664.4     -213.7593        8.2656     -205.4937      331.56
    5800     11.6000    2436.9     -211.7540        7.5599     -204.1941      331.56
    5900     11.8000    1947.7     -213.7844        6.0423     -207.7421      331.56
    6000     12.0000    1720.0     -214.2632        5.3360     -208.9272      331.56
    6100     12.2000    1720.7     -214.5640        5.3381     -209.2259      331.56
    6200     12.4000    1784.3     -215.3589        5.5354     -209.8235      331.56
    6300     12.6000    1553.6     -214.3403        4.8195     -209.5208      331.56
    6400     12.8000    1536.3     -214.0827        4.7660     -209.3167      331.56
    6500     13.0000    2848.6     -214.1839        8.8371     -205.3469      331.56
    6600     13.2000    2071.7     -211.0788        6.4269     -204.6518      331.56
    6700     13.4000    1987.6     -215.6482        6.1661     -209.4821      331.56
    6800     13.6000    2824.6     -217.2870        8.7625     -208.5245      331.56
    6900     13.8000    2453.8     -216.0200        7.6123     -208.4077      331.56
    7000     14.0000    1572.3     -214.7727        4.8775     -209.8952      331.56
    7100     14.2000    2768.8     -214.2587        8.5895     -205.6691      331.56
    7200     14.4000    2334.9     -213.2294        7.2436     -205.9859      331.56
    7300     14.6000    1543.5     -213.9477        4.7884     -209.1593      331.56
    7400     14.8000    1846.5     -215.5492        5.7284     -209.8208      331.56
    7500     15.0000    1932.0     -214.5654        5.9934     -208.5719      331.56
    7600     15.2000    1901.7     -214.6584        5.8994     -208.7589      331.56
    7700     15.4000    2158.8     -214.8637        6.6972     -208.1666      331.56
    7800     15.6000    2036.8     -212.5392        6.3186     -206.2206      331.56
    7900     15.8000    2427.2     -214.1408        7.5298     -206.6110      331.56
    8000     16.0000    2197.7     -212.4550        6.8179     -205.6371      331.56
    8100     16.2000    1738.4     -212.4204        5.3930     -207.0275      331.56
    8200     16.4000    2171.2     -213.7997        6.7355     -207.0642      331.56
    8300     16.6000    1679.2     -213.0549        5.2093     -207.8457      331.56
    8400     16.8000    1673.0     -213.7654        5.1899     -208.5755      331.56
    8500     17.0000    2369.6     -215.0981        7.3509     -207.7472      331.56
    8600     17.2000    1303.6     -215.4053        4.0442     -211.3612      331.56
    8700     17.4000    2280.3     -215.6125        7.0741     -208.5383      331.56
    8800     17.6000    1752.0     -212.7261        5.4350     -207.2912      331.56
    8900     17.8000    2723.8     -214.9264        8.4500     -206.4764      331.56
    9000     18.0000    1884.1     -212.2745        5.8449     -206.4296      331.56
    9100     18.2000    2068.8     -212.4802        6.4178     -206.0624      331.56
    9200     18.4000    1727.2     -212.3161        5.3581     -206.9580      331.56
    9300     18.6000    1759.5     -213.5428        5.4585     -208.0843      331.56
    9400     18.8000    2041.6     -213.7252        6.3335     -207.3917      331.56
    9500     19.0000    1866.5     -215.2739        5.7903     -209.4836      331.56
    9600     19.2000    1706.1     -213.1576        5.2929     -207.8648      331.56
    9700     19.4000    1609.6     -213.7994        4.9933     -208.8061      331.56
    9800     19.6000    1621.5     -213.7643        5.0303     -208.7340      331.56
    9900     19.8000    1949.7     -213.4392        6.0484     -207.3908      331.56
   10000     20.0000    1946.4     -212.3786        6.0381     -206.3405      331.56
