
  Composition: In16O24 (40 atoms)
  Initial cell: a=8.7529  b=8.7529  c=8.7529
  Volume: 670.59 A^3  Density: 5.50 g/cm3
  Optimizer: LBFGS  fmax=0.05  max_steps=500
  Cell filter: cubic
  [cell] Cubic: isotropic volume only, shape fixed

   Step      Energy(eV)   Fmax(eV/A)        a(A)        b(A)        c(A)     Vol(A3)
  -------------------------------------------------------------------------------------
      1     -148.789614    63.096929   10.053058   10.053058   10.053058   1016.0021
      2     -167.351208    15.059809    8.900975    8.900975    8.900975    705.2007
      3     -168.048352    50.272572    8.392868    8.392868    8.392868    591.1955
      4     -172.301716    10.160817    8.638782    8.638782    8.638782    644.6997
      5     -176.921560     5.372595    8.738220    8.738220    8.738220    667.2198
      6     -179.829261     4.635596    8.763129    8.763129    8.763129    672.9419
      7     -181.904776     5.906460    8.794080    8.794080    8.794080    680.0977
      8     -184.609082     3.562145    8.788480    8.788480    8.788480    678.7991
      9     -186.033844     3.306563    8.766109    8.766109    8.766109    673.6288
     10     -187.371650     2.360898    8.737933    8.737933    8.737933    667.1541
     11     -188.760138     3.181101    8.686023    8.686023    8.686023    655.3344
     12     -190.035753     2.565593    8.670055    8.670055    8.670055    651.7268
     13     -191.078551     2.749531    8.686683    8.686683    8.686683    655.4837
     14     -191.899366     2.221885    8.731653    8.731653    8.731653    665.7167
     15     -192.683784     1.795013    8.765587    8.765587    8.765587    673.5084
     16     -193.457853     3.328837    8.797333    8.797333    8.797333    680.8525
     17     -194.079513     2.162972    8.794402    8.794402    8.794402    680.1724
     18     -194.686595     1.654885    8.791469    8.791469    8.791469    679.4921
     19     -195.181918     1.342690    8.790690    8.790690    8.790690    679.3114
     20     -195.659782     1.218014    8.799488    8.799488    8.799488    681.3531
     21     -195.955481     1.179333    8.811499    8.811499    8.811499    684.1470
     22     -196.398202     1.771883    8.824430    8.824430    8.824430    687.1634
     23     -196.710331     1.796029    8.825984    8.825984    8.825984    687.5265
     24     -197.156189     1.336243    8.819810    8.819810    8.819810    686.0846
     25     -197.482157     1.177568    8.819815    8.819815    8.819815    686.0857
     26     -197.787174     1.081202    8.826537    8.826537    8.826537    687.6556
     27     -198.011524     1.163134    8.842162    8.842162    8.842162    691.3141
     28     -198.277295     1.236398    8.865826    8.865826    8.865826    696.8794
     29     -198.538044     1.814722    8.889164    8.889164    8.889164    702.3971
     30     -198.883031     2.601083    8.903783    8.903783    8.903783    705.8684
     31     -199.138680     1.364446    8.893826    8.893826    8.893826    703.5029
     32     -199.338050     1.025085    8.879135    8.879135    8.879135    700.0225
     33     -199.544931     1.489453    8.867997    8.867997    8.867997    697.3914
     34     -199.766794     1.639025    8.857932    8.857932    8.857932    695.0197
     35     -199.945591     1.016522    8.860174    8.860174    8.860174    695.5475
     36     -200.138006     0.697878    8.855171    8.855171    8.855171    694.3698
     37     -200.313482     1.130529    8.854043    8.854043    8.854043    694.1046
     38     -200.454786     0.843209    8.842570    8.842570    8.842570    691.4098
     39     -200.604451     0.720283    8.829205    8.829205    8.829205    688.2795
     40     -200.755802     0.821429    8.809711    8.809711    8.809711    683.7305
     41     -200.867692     0.712696    8.803224    8.803224    8.803224    682.2213
     42     -200.948214     0.875409    8.803553    8.803553    8.803553    682.2979
     43     -200.994929     0.412204    8.803707    8.803707    8.803707    682.3335
     44     -201.042864     0.393105    8.806355    8.806355    8.806355    682.9496
     45     -201.113086     0.604002    8.805060    8.805060    8.805060    682.6481
     46     -201.166935     0.713368    8.803376    8.803376    8.803376    682.2565
     47     -201.236316     0.507919    8.796306    8.796306    8.796306    680.6142
     48     -201.282029     0.379074    8.792900    8.792900    8.792900    679.8238
     49     -201.331294     0.326769    8.785653    8.785653    8.785653    678.1443
     50     -201.359226     0.320246    8.783223    8.783223    8.783223    677.5819
     51     -201.396236     0.409048    8.778535    8.778535    8.778535    676.4973
     52     -201.423493     0.335049    8.778350    8.778350    8.778350    676.4546
     53     -201.451251     0.485356    8.773371    8.773371    8.773371    675.3042
     54     -201.486145     0.365688    8.772143    8.772143    8.772143    675.0207
     55     -201.533232     0.466686    8.766784    8.766784    8.766784    673.7844
     56     -201.582701     0.380439    8.762323    8.762323    8.762323    672.7563
     57     -201.632857     0.395702    8.758438    8.758438    8.758438    671.8619
     58     -201.727610     1.076645    8.751709    8.751709    8.751709    670.3144
     59     -201.860112     2.300945    8.738480    8.738480    8.738480    667.2792
     60     -201.959565     2.470174    8.733534    8.733534    8.733534    666.1470
     61     -202.305049     2.567065    8.729016    8.729016    8.729016    665.1137
     62     -203.054173     2.231724    8.688038    8.688038    8.688038    655.7906
     63     -203.866633     5.806799    8.648754    8.648754    8.648754    646.9349
     64     -204.648932     2.752370    8.662854    8.662854    8.662854    650.1043
     65     -205.530929     3.946707    8.707879    8.707879    8.707879    660.2936
     66     -206.288163     2.810262    8.692694    8.692694    8.692694    656.8454
     67     -206.898800     1.756776    8.689216    8.689216    8.689216    656.0574
     68     -207.251973     1.691322    8.668260    8.668260    8.668260    651.3221
     69     -207.513148     1.743940    8.668978    8.668978    8.668978    651.4839
     70     -207.742346     0.920819    8.682191    8.682191    8.682191    654.4674
     71     -207.925445     0.902369    8.697285    8.697285    8.697285    657.8868
     72     -208.075255     1.159420    8.705574    8.705574    8.705574    659.7695
     73     -208.210479     0.814738    8.707554    8.707554    8.707554    660.2197
     74     -208.322645     0.530736    8.704669    8.704669    8.704669    659.5637
     75     -208.410427     0.531590    8.701931    8.701931    8.701931    658.9415
     76     -208.476621     0.475850    8.701839    8.701839    8.701839    658.9206
     77     -208.540463     0.481227    8.704731    8.704731    8.704731    659.5778
     78     -208.597612     0.369634    8.708017    8.708017    8.708017    660.3251
     79     -208.638851     0.329175    8.711387    8.711387    8.711387    661.0921
     80     -208.669733     0.287159    8.712833    8.712833    8.712833    661.4212
     81     -208.699378     0.335275    8.714568    8.714568    8.714568    661.8165
     82     -208.731944     0.385617    8.715886    8.715886    8.715886    662.1169
     83     -208.768855     0.370295    8.718543    8.718543    8.718543    662.7225
     84     -208.808347     0.339483    8.721323    8.721323    8.721323    663.3566
     85     -208.854915     0.390854    8.724039    8.724039    8.724039    663.9767
     86     -208.920798     0.514020    8.725380    8.725380    8.725380    664.2828
     87     -208.984657     0.505774    8.723007    8.723007    8.723007    663.7410
     88     -209.066162     0.517515    8.716786    8.716786    8.716786    662.3220
     89     -209.144768     0.553193    8.717194    8.717194    8.717194    662.4149
     90     -209.208960     0.468173    8.716847    8.716847    8.716847    662.3360
     91     -209.261720     0.681024    8.717777    8.717777    8.717777    662.5479
     92     -209.305240     0.389378    8.721537    8.721537    8.721537    663.4055
     93     -209.338586     0.298802    8.724496    8.724496    8.724496    664.0809
     94     -209.370835     0.330896    8.727832    8.727832    8.727832    664.8431
     95     -209.399245     0.377017    8.729305    8.729305    8.729305    665.1797
     96     -209.420651     0.248751    8.728292    8.728292    8.728292    664.9482
     97     -209.436251     0.212564    8.726329    8.726329    8.726329    664.4997
     98     -209.449552     0.298995    8.724622    8.724622    8.724622    664.1097
     99     -209.460619     0.332945    8.724224    8.724224    8.724224    664.0189
    100     -209.470104     0.161761    8.724957    8.724957    8.724957    664.1862
    101     -209.478000     0.147154    8.726195    8.726195    8.726195    664.4691
    102     -209.485435     0.250935    8.726995    8.726995    8.726995    664.6517
    103     -209.492647     0.229730    8.726632    8.726632    8.726632    664.5688
    104     -209.498688     0.134593    8.725265    8.725265    8.725265    664.2566
    105     -209.503581     0.175759    8.725431    8.725431    8.725431    664.2944
    106     -209.486878     3.970906    8.697348    8.697348    8.697348    657.9011
    107     -209.510807     0.177183    8.722838    8.722838    8.722838    663.7025
    108     -209.514514     0.114730    8.724532    8.724532    8.724532    664.0892
    109     -209.521753     0.251143    8.725553    8.725553    8.725553    664.3223
    110     -209.531010     0.283706    8.725433    8.725433    8.725433    664.2949
    111     -209.537412     0.206877    8.724234    8.724234    8.724234    664.0212
    112     -209.546791     0.145175    8.721583    8.721583    8.721583    663.4160
    113     -209.556150     0.185251    8.718770    8.718770    8.718770    662.7743
    114     -209.566415     0.273927    8.716401    8.716401    8.716401    662.2343
    115     -209.574999     0.229570    8.715407    8.715407    8.715407    662.0078
    116     -209.584263     0.179192    8.714786    8.714786    8.714786    661.8662
    117     -209.593651     0.168461    8.713857    8.713857    8.713857    661.6545
    118     -209.604801     0.258187    8.712162    8.712162    8.712162    661.2684
    119     -209.618919     0.298112    8.709267    8.709267    8.709267    660.6096
    120     -209.639091     0.271022    8.704924    8.704924    8.704924    659.6218
    121     -209.674263     0.507918    8.697003    8.697003    8.697003    657.8226
    122     -209.714102     0.686081    8.686841    8.686841    8.686841    655.5196
    123     -209.772244     0.652679    8.685747    8.685747    8.685747    655.2718
    124     -209.898673     0.754181    8.688804    8.688804    8.688804    655.9639
    125     -209.819788     0.763844    8.684069    8.684069    8.684069    654.8921
    126     -209.978488     0.638613    8.694322    8.694322    8.694322    657.2146
    127     -210.021471     0.622156    8.690305    8.690305    8.690305    656.3040
    128     -210.088529     0.449376    8.691642    8.691642    8.691642    656.6070
    129     -210.187154     0.420747    8.691644    8.691644    8.691644    656.6074
    130     -210.238036     0.399064    8.689954    8.689954    8.689954    656.2245
    131     -210.308427     0.335775    8.689140    8.689140    8.689140    656.0401
    132     -210.350889     0.270198    8.686397    8.686397    8.686397    655.4189
    133     -210.378235     0.270360    8.684557    8.684557    8.684557    655.0026
    134     -210.404294     0.293245    8.682889    8.682889    8.682889    654.6252
    135     -210.429946     0.260475    8.682333    8.682333    8.682333    654.4996
    136     -210.451560     0.226874    8.682704    8.682704    8.682704    654.5833
    137     -210.469393     0.198061    8.683200    8.683200    8.683200    654.6956
    138     -210.485283     0.229568    8.683481    8.683481    8.683481    654.7591
    139     -210.499137     0.219713    8.682707    8.682707    8.682707    654.5842
    140     -210.509749     0.154919    8.682079    8.682079    8.682079    654.4420
    141     -210.518410     0.160745    8.681140    8.681140    8.681140    654.2297
    142     -210.526934     0.170599    8.680833    8.680833    8.680833    654.1603
    143     -210.535322     0.126183    8.680672    8.680672    8.680672    654.1239
    144     -210.542916     0.148674    8.680931    8.680931    8.680931    654.1826
    145     -210.549458     0.148483    8.680734    8.680734    8.680734    654.1380
    146     -210.555839     0.145023    8.680391    8.680391    8.680391    654.0603
    147     -210.562873     0.130310    8.678878    8.678878    8.678878    653.7184
    148     -210.569943     0.145103    8.677197    8.677197    8.677197    653.3388
    149     -210.576126     0.136911    8.675172    8.675172    8.675172    652.8814
    150     -210.581662     0.138754    8.673816    8.673816    8.673816    652.5754
    151     -210.586802     0.130144    8.672714    8.672714    8.672714    652.3266
    152     -210.591421     0.130895    8.672243    8.672243    8.672243    652.2202
    153     -210.595253     0.104089    8.671972    8.671972    8.671972    652.1592
    154     -210.598495     0.087562    8.671907    8.671907    8.671907    652.1446
    155     -210.601301     0.074123    8.671864    8.671864    8.671864    652.1348
    156     -210.603519     0.070907    8.671664    8.671664    8.671664    652.0896
    157     -210.605202     0.063749    8.671831    8.671831    8.671831    652.1274
    158     -210.606672     0.065235    8.671620    8.671620    8.671620    652.0797
    159     -210.608201     0.082577    8.672170    8.672170    8.672170    652.2039
    160     -210.609773     0.091732    8.672502    8.672502    8.672502    652.2787
    161     -210.611047     0.078305    8.673049    8.673049    8.673049    652.4022
    162     -210.611972     0.058552    8.673295    8.673295    8.673295    652.4578
    163     -210.612856     0.056337    8.673424    8.673424    8.673424    652.4868
    164     -210.613658     0.048886    8.673340    8.673340    8.673340    652.4679
  -------------------------------------------------------------------------------------

  Converged after 164 steps!  Fmax = 0.048886 eV/A
