
  Composition: O16Ti8 (24 atoms)
  Initial cell: a=6.9213  b=6.9213  c=6.9213
  Volume: 331.56 A^3
  Optimizer: LBFGS  fmax=0.1  max_steps=300

   Step      Energy(eV)   Fmax(eV/A)        a(A)        b(A)        c(A)     Vol(A3)
  -------------------------------------------------------------------------------------
      1     -187.751434     5.369226    6.916268    6.915671    6.916736    330.8318
      2     -195.243759     6.700141    6.901177    6.902022    6.906693    328.9797
      3     -197.258606    13.004786    6.887629    6.893239    6.898133    327.5088
      4     -200.868347     5.929770    6.886906    6.894485    6.897610    327.5083
      5     -205.497009     4.001734    6.877736    6.890851    6.893227    326.6896
      6     -204.506927    27.136958    6.868750    6.887269    6.890379    325.9544
      7     -207.617920     3.551171    6.872566    6.888944    6.893524    326.3645
      8     -208.562256     3.169516    6.868046    6.886795    6.893693    326.0534
      9     -209.830994     2.154574    6.858013    6.882762    6.894910    325.4373
     10     -210.401398     4.197477    6.846011    6.878360    6.897022    324.7502
     11     -211.166992     3.277025    6.840612    6.876449    6.898600    324.4738
     12     -212.509689     3.154604    6.824475    6.869984    6.901549    323.5278
     13     -213.477081     2.239076    6.808283    6.863047    6.903164    322.4944
     14     -214.025513     1.950370    6.797121    6.858088    6.902871    321.7113
     15     -214.559998     1.599447    6.791619    6.855521    6.901558    321.2691
     16     -215.069092     2.134268    6.778701    6.850395    6.901497    320.4068
     17     -215.698761     2.435724    6.757800    6.842216    6.901881    319.0383
     18     -216.146667     2.059470    6.742403    6.836438    6.902304    318.0474
     19     -216.661713     2.380281    6.723990    6.829797    6.902298    316.8521
     20     -217.017029     1.944000    6.717836    6.827886    6.901497    316.4322
     21     -217.313293     1.276803    6.705931    6.824525    6.899908    315.6324
     22     -217.438232     0.843515    6.704677    6.825182    6.900062    315.6091
     23     -217.666779     0.836406    6.692391    6.825061    6.900841    315.0436
     24     -217.756104     0.799368    6.688535    6.827078    6.901530    314.9798
     25     -217.867493     0.784622    6.679932    6.830808    6.903164    314.8053
     26     -217.957260     0.738781    6.674737    6.835952    6.904863    314.8634
     27     -218.057098     0.637201    6.666901    6.843577    6.907317    314.9386
     28     -218.130127     0.750332    6.664047    6.849065    6.908822    315.1166
     29     -218.249313     0.656258    6.654672    6.861505    6.912127    315.3707
     30     -218.322281     0.645947    6.649734    6.870112    6.913838    315.5954
     31     -218.415375     0.637277    6.637408    6.882449    6.915805    315.6333
     32     -218.489960     0.713754    6.633003    6.887639    6.915449    315.6332
     33     -218.574951     0.730729    6.619460    6.899235    6.916008    315.5061
     34     -218.668396     0.722454    6.612639    6.905937    6.914547    315.3989
     35     -218.778168     1.084203    6.596249    6.927229    6.913765    315.4869
     36     -218.899902     0.903975    6.582566    6.945134    6.911689    315.4879
     37     -219.049210     1.113514    6.569302    6.966695    6.909790    315.6647
     38     -219.204483     1.023429    6.558370    6.983644    6.907356    315.7223
     39     -219.348175     0.960644    6.543483    7.011207    6.905248    316.0380
     40     -219.478485     0.717821    6.535761    7.029345    6.903141    316.3052
     41     -219.561813     0.594142    6.531396    7.039545    6.902390    316.4701
     42     -219.652359     0.736084    6.534283    7.042355    6.902266    316.7231
     43     -219.721191     0.892668    6.522232    7.068283    6.901511    317.1342
     44     -219.806671     0.578674    6.531883    7.067016    6.902288    317.6120
     45     -219.896988     0.456807    6.533839    7.076746    6.903510    318.1691
     46     -220.009277     0.727389    6.533775    7.104311    6.906019    319.4113
     47     -220.076889     0.746846    6.534263    7.122406    6.908513    320.2939
     48     -220.160858     0.765605    6.535760    7.152211    6.913292    321.8155
     49     -220.216766     0.546819    6.539611    7.155145    6.916761    322.3095
     50     -220.272888     0.658644    6.542842    7.172249    6.920594    323.3680
     51     -220.325562     0.575580    6.547527    7.187470    6.925044    324.4641
     52     -220.393616     0.574447    6.557129    7.207745    6.931541    326.1366
     53     -220.446487     0.603468    6.566883    7.224586    6.937677    327.6677
     54     -220.501556     0.530820    6.576290    7.240311    6.943624    329.1334
     55     -220.551941     0.523597    6.584590    7.257155    6.949457    330.5806
     56     -220.590515     0.483555    6.590266    7.264361    6.952890    331.3737
     57     -220.626205     0.483820    6.595119    7.277188    6.956751    332.3637
     58     -220.663727     0.456427    6.599101    7.283443    6.959671    332.9938
     59     -220.693359     0.464943    6.606372    7.296900    6.964487    334.1940
     60     -220.728729     0.494023    6.616032    7.313172    6.970132    335.6857
     61     -220.762909     0.397234    6.627765    7.329033    6.976582    337.3235
     62     -220.790955     0.443740    6.638701    7.346649    6.982859    338.9812
     63     -220.817047     0.372429    6.645940    7.356765    6.986779    340.0004
     64     -220.832550     0.288529    6.651014    7.367670    6.990499    340.9276
     65     -220.850037     0.444493    6.653511    7.369830    6.992511    341.2591
     66     -220.864349     0.271195    6.659153    7.382383    6.996717    342.3063
     67     -220.876434     0.269611    6.665181    7.391865    7.000577    343.2311
     68     -220.888153     0.317491    6.668794    7.398798    7.002837    343.8272
     69     -220.897766     0.233715    6.674261    7.407784    7.006075    344.6628
     70     -220.907272     0.221389    6.681692    7.423105    7.010976    345.9531
     71     -220.914917     0.264073    6.685042    7.431365    7.013473    346.5984
     72     -220.923706     0.250242    6.689324    7.441739    7.016513    347.4087
     73     -220.934265     0.244023    6.696100    7.456097    7.021050    348.5928
     74     -220.944305     0.279231    6.703990    7.470124    7.025845    349.8359
     75     -220.955109     0.216248    6.709998    7.481894    7.029575    350.8168
     76     -220.965454     0.309746    6.717945    7.495472    7.034221    352.0244
     77     -220.975433     0.284263    6.722634    7.506310    7.037607    352.8705
     78     -220.992188     0.338571    6.731836    7.528612    7.044583    354.6012
     79     -221.009949     0.383206    6.738713    7.549703    7.050387    356.0696
     80     -221.032059     0.495689    6.756947    7.593673    7.063855    359.4840
     81     -221.053894     0.445281    6.766323    7.620110    7.071499    361.3384
     82     -221.078674     0.365168    6.773814    7.636410    7.076706    362.6224
     83     -221.135788     0.501961    6.789061    7.665968    7.085978    364.9652
     84     -221.165771     0.470468    6.793359    7.676404    7.088409    365.6460
     85     -221.202942     0.386459    6.805298    7.702652    7.095030    367.5219
     86     -221.223404     0.324698    6.799383    7.690746    7.090019    366.4395
     87     -221.242523     0.333899    6.811946    7.719411    7.097978    368.5652
     88     -221.262772     0.288299    6.807367    7.711834    7.094538    367.7329
     89     -221.282867     0.286266    6.806140    7.710032    7.092944    367.4117
     90     -221.295807     0.311854    6.806182    7.709629    7.092669    367.3076
     91     -221.309753     0.247262    6.809914    7.714864    7.094347    367.7153
     92     -221.319794     0.210559    6.811555    7.718671    7.095728    367.9699
     93     -221.328003     0.216153    6.814426    7.723925    7.097968    368.3985
     94     -221.332809     0.180167    6.813803    7.725642    7.098602    368.4192
     95     -221.338165     0.155568    6.812452    7.727662    7.099514    368.4350
     96     -221.343521     0.141546    6.810366    7.730555    7.100606    368.4189
     97     -221.349609     0.210965    6.805438    7.731123    7.100946    368.0798
     98     -221.355194     0.172367    6.803362    7.736521    7.102975    368.1687
     99     -221.360260     0.172282    6.800264    7.738508    7.104253    368.0594
    100     -221.364960     0.162239    6.796839    7.739972    7.105400    367.9074
    101     -221.370895     0.187385    6.794012    7.744979    7.108410    368.0151
    102     -221.375977     0.197510    6.791482    7.753199    7.112383    368.2756
    103     -221.379852     0.104207    6.788526    7.758833    7.115336    368.3747
    104     -221.382980     0.111783    6.785194    7.765182    7.118799    368.4874
    105     -221.386353     0.116581    6.782860    7.770238    7.121845    368.6283
    106     -221.392334     0.184604    6.775520    7.772551    7.125428    368.3487
    107     -221.398041     0.196150    6.767370    7.774491    7.129378    368.0029
    108     -221.403076     0.209161    6.758893    7.773646    7.132444    367.5251
    109     -221.408066     0.219953    6.755950    7.771879    7.133359    367.3130
    110     -221.412933     0.197419    6.749187    7.770683    7.135617    366.9171
    111     -221.417908     0.154941    6.739932    7.772336    7.139605    366.4952
    112     -221.421844     0.129295    6.732699    7.775695    7.143780    366.3011
    113     -221.426361     0.118590    6.725483    7.783893    7.149969    366.3192
    114     -221.431305     0.179432    6.714106    7.790202    7.156770    366.0201
    115     -221.435883     0.177234    6.705161    7.797506    7.163479    365.8837
    116     -221.440018     0.126974    6.697488    7.800869    7.167910    365.6380
    117     -221.444122     0.125639    6.692204    7.802370    7.171074    365.4668
    118     -221.447968     0.130957    6.687108    7.802438    7.173491    365.2560
    119     -221.451462     0.119615    6.681349    7.804643    7.176481    365.0717
    120     -221.456589     0.149909    6.668189    7.810805    7.183338    364.6729
    121     -221.462082     0.194175    6.657311    7.819851    7.190294    364.5199
    122     -221.471146     0.234585    6.634231    7.840182    7.205457    364.1888
    123     -221.477280     0.197388    6.622458    7.851082    7.213816    364.0040
    124     -221.486633     0.171440    6.604186    7.859142    7.223111    363.3154
    125     -221.491653     0.178734    6.589086    7.864514    7.230554    362.6610
    126     -221.497055     0.156975    6.572508    7.865120    7.236320    361.7362
    127     -221.503693     0.207227    6.531418    7.870040    7.251721    359.5643
    128     -221.508057     0.218659    6.520891    7.871711    7.254877    359.0347
    129     -221.516190     0.154591    6.509483    7.874793    7.256891    358.4106
    130     -221.522690     0.185853    6.473439    7.888870    7.270753    356.6805
    131     -221.526855     0.212074    6.451398    7.895872    7.276739    355.5168
    132     -221.532867     0.219120    6.466565    7.889725    7.264330    356.0568
    133     -221.538910     0.199026    6.454286    7.892042    7.267513    355.2564
    134     -221.545441     0.134902    6.441697    7.889147    7.266886    354.2623
    135     -221.552216     0.146885    6.427875    7.887655    7.264580    353.1910
    136     -221.558578     0.179193    6.416631    7.887804    7.263084    352.4010
    137     -221.568878     0.245296    6.394142    7.893266    7.263451    351.0413
    138     -221.580353     0.275201    6.377657    7.895878    7.261965    349.9833
    139     -221.592407     0.205860    6.367787    7.899121    7.259611    349.3466
    140     -221.604431     0.159096    6.367295    7.901203    7.255386    349.2848
    141     -221.614059     0.189354    6.352881    7.903339    7.254718    348.3416
    142     -221.622589     0.171114    6.349843    7.904376    7.251836    348.1628
    143     -221.634583     0.191642    6.333797    7.900829    7.246800    346.9421
    144     -221.645721     0.225580    6.316235    7.901556    7.242518    345.8239
    145     -221.663910     0.252292    6.274611    7.900544    7.238158    343.0789
    146     -221.677612     0.384552    6.226690    7.904077    7.236060    340.0006
    147     -221.691620     0.411962    6.182184    7.904786    7.228186    337.0298
    148     -221.711639     0.389985    6.171603    7.907038    7.226157    336.3954
    149     -221.740570     0.487802    6.121800    7.906584    7.222568    333.0189
    150     -221.778717     0.453649    6.130250    7.893313    7.215508    333.1547
    151     -221.815384     0.494679    6.100964    7.896234    7.217240    331.1811
    152     -221.871399     0.485243    6.049522    7.879699    7.204757    326.8792
    153     -221.913086     0.533375    5.999804    7.869386    7.193298    322.8239
    154     -221.971390     0.525186    5.982145    7.838156    7.176034    320.2394
    155     -222.015686     0.446420    5.968212    7.830390    7.168942    318.6979
    156     -222.068176     0.326954    5.961854    7.824658    7.167084    318.0331
    157     -222.103271     0.376216    5.949382    7.815021    7.164281    316.7505
    158     -222.133484     0.438156    5.932229    7.812813    7.172431    315.7412
    159     -222.165649     0.345486    5.929123    7.818291    7.189429    316.0322
    160     -222.188995     0.406244    5.893402    7.811288    7.194673    313.4475
    161     -222.218201     0.352411    5.906367    7.814300    7.204234    314.7226
    162     -222.244202     0.277524    5.901361    7.813185    7.208556    314.3853
    163     -222.270630     0.245713    5.889039    7.797585    7.211265    313.2125
    164     -222.286560     0.225337    5.880463    7.793696    7.216844    312.6051
    165     -222.300964     0.245188    5.870319    7.779227    7.218691    311.6240
    166     -222.311615     0.208410    5.874450    7.781483    7.220196    312.0633
    167     -222.329254     0.213441    5.875917    7.777055    7.223867    312.2102
    168     -222.341339     0.277966    5.876930    7.770477    7.226171    312.2073
    169     -222.353027     0.255299    5.872092    7.758900    7.229886    311.6900
    170     -222.361053     0.182432    5.870872    7.753455    7.235431    311.6268
    171     -222.369141     0.161511    5.866036    7.749517    7.239495    311.3154
    172     -222.381470     0.170992    5.860369    7.741312    7.247347    310.9755
    173     -222.390015     0.233017    5.849971    7.729716    7.256122    310.2533
    174     -222.395386     0.166816    5.852449    7.726160    7.256606    310.3958
    175     -222.399948     0.120600    5.851187    7.722225    7.261157    310.3084
    176     -222.402893     0.106395    5.852112    7.719310    7.263217    310.3724
    177     -222.407532     0.116263    5.851184    7.712781    7.270134    310.3110
    178     -222.410019     0.105434    5.850023    7.707885    7.272557    310.1489
    179     -222.414459     0.095087    5.849731    7.701188    7.278122    310.0467
  -------------------------------------------------------------------------------------

  Converged after 179 steps!  Fmax = 0.095087 eV/A
       Step     Time          Energy          fmax
LBFGS:    0 23:06:10     -180.750809        6.619217
LBFGS:    1 23:06:10     -184.793335        6.039452
LBFGS:    2 23:06:10     -191.331177        5.363496
LBFGS:    3 23:06:11     -195.399536       14.364385
LBFGS:    4 23:06:11     -198.993896       11.113626
LBFGS:    5 23:06:11     -202.376633        3.724062
LBFGS:    6 23:06:11     -204.003448        3.202227
LBFGS:    7 23:06:11     -205.713165        4.149274
LBFGS:    8 23:06:11     -206.882202        2.978858
LBFGS:    9 23:06:11     -208.780090        2.739563
LBFGS:   10 23:06:11     -209.926941        2.194524
LBFGS:   11 23:06:12     -210.651978        1.970530
LBFGS:   12 23:06:12     -211.638702        1.981215
LBFGS:   13 23:06:12     -212.129562        2.416070
LBFGS:   14 23:06:12     -212.722595        2.257645
LBFGS:   15 23:06:12     -213.246048        1.938799
LBFGS:   16 23:06:12     -213.873993        2.035917
LBFGS:   17 23:06:12     -214.479813        2.589923
LBFGS:   18 23:06:12     -214.919540        1.734506
LBFGS:   19 23:06:12     -215.340515        1.357609
LBFGS:   20 23:06:13     -215.778473        1.576451
LBFGS:   21 23:06:13     -216.133148        1.512909
LBFGS:   22 23:06:13     -216.439407        1.268391
LBFGS:   23 23:06:13     -216.644196        0.925739
LBFGS:   24 23:06:13     -216.774109        0.828701
LBFGS:   25 23:06:13     -216.890106        0.914381
LBFGS:   26 23:06:13     -217.008911        0.762558
LBFGS:   27 23:06:13     -217.104004        0.666316
LBFGS:   28 23:06:13     -217.157684        0.509865
LBFGS:   29 23:06:13     -217.208084        0.547632
LBFGS:   30 23:06:13     -217.269135        0.594759
LBFGS:   31 23:06:14     -217.318024        0.602928
LBFGS:   32 23:06:14     -217.377930        0.538906
LBFGS:   33 23:06:14     -217.436615        0.465164
LBFGS:   34 23:06:14     -217.468552        0.370917
LBFGS:   35 23:06:14     -217.497620        0.388432
LBFGS:   36 23:06:14     -217.520569        0.347282
LBFGS:   37 23:06:14     -217.550720        0.435864
LBFGS:   38 23:06:14     -217.581848        0.533697
LBFGS:   39 23:06:14     -217.623291        0.579951
LBFGS:   40 23:06:14     -217.673889        0.570674
LBFGS:   41 23:06:14     -217.709152        0.577470
LBFGS:   42 23:06:15     -217.790771        0.543265
LBFGS:   43 23:06:15     -217.839142        0.616433
LBFGS:   44 23:06:15     -217.900146        0.681715
LBFGS:   45 23:06:15     -217.939590        0.626535
LBFGS:   46 23:06:15     -217.987244        0.547437
LBFGS:   47 23:06:15     -218.045624        0.617832
LBFGS:   48 23:06:15     -218.075287        0.539980
LBFGS:   49 23:06:15     -218.097336        0.345104
LBFGS:   50 23:06:15     -218.119034        0.315395
LBFGS:   51 23:06:15     -218.130920        0.294229
LBFGS:   52 23:06:15     -218.148438        0.237418
LBFGS:   53 23:06:15     -218.159546        0.258971
LBFGS:   54 23:06:15     -218.171997        0.250642
LBFGS:   55 23:06:15     -218.184906        0.275648
LBFGS:   56 23:06:16     -218.198639        0.310560
LBFGS:   57 23:06:16     -218.210327        0.247791
LBFGS:   58 23:06:16     -218.236954        0.394428
LBFGS:   59 23:06:16     -218.253937        0.329210
LBFGS:   60 23:06:16     -218.304840        0.738078
LBFGS:   61 23:06:16     -218.343597        0.533423
LBFGS:   62 23:06:16     -218.398865        0.471676
LBFGS:   63 23:06:16     -218.413742        0.585506
LBFGS:   64 23:06:16     -218.449524        0.345518
LBFGS:   65 23:06:16     -218.472961        0.266520
LBFGS:   66 23:06:16     -218.490448        0.263261
LBFGS:   67 23:06:17     -218.510498        0.309983
LBFGS:   68 23:06:17     -218.523193        0.266324
LBFGS:   69 23:06:17     -218.537262        0.246597
LBFGS:   70 23:06:17     -218.548340        0.267865
LBFGS:   71 23:06:17     -218.566223        0.298132
LBFGS:   72 23:06:17     -218.590424        0.481396
LBFGS:   73 23:06:17     -218.617340        0.432111
LBFGS:   74 23:06:17     -218.696869        0.571737
LBFGS:   75 23:06:17     -218.733307        0.549290
LBFGS:   76 23:06:17     -218.775360        0.431326
LBFGS:   77 23:06:17     -218.814331        0.614964
LBFGS:   78 23:06:18     -218.859512        0.605126
LBFGS:   79 23:06:18     -218.915009        0.468986
LBFGS:   80 23:06:18     -218.984619        0.537923
LBFGS:   81 23:06:18     -219.032593        0.489972
LBFGS:   82 23:06:18     -219.128967        0.531620
LBFGS:   83 23:06:18     -219.188004        0.538099
LBFGS:   84 23:06:18     -219.242615        0.559458
LBFGS:   85 23:06:18     -219.300110        0.523734
LBFGS:   86 23:06:18     -219.358566        0.567040
LBFGS:   87 23:06:18     -219.414001        0.570268
LBFGS:   88 23:06:18     -219.459229        0.563573
LBFGS:   89 23:06:18     -219.527527        0.749512
LBFGS:   90 23:06:18     -219.600266        0.775222
LBFGS:   91 23:06:18     -219.665680        0.605835
LBFGS:   92 23:06:19     -219.750778        0.972892
LBFGS:   93 23:06:19     -219.826019        0.642161
LBFGS:   94 23:06:19     -219.931976        0.745096
LBFGS:   95 23:06:19     -220.036835        0.804114
LBFGS:   96 23:06:19     -220.144470        0.957337
LBFGS:   97 23:06:19     -220.339691        1.109157
LBFGS:   98 23:06:19     -220.537109        2.023064
LBFGS:   99 23:06:19     -220.756851        1.256781
LBFGS:  100 23:06:19     -220.847855        1.283716
LBFGS:  101 23:06:19     -221.040558        0.793891
LBFGS:  102 23:06:19     -221.149811        0.607663
LBFGS:  103 23:06:20     -221.238235        0.671820
LBFGS:  104 23:06:20     -221.308136        0.691724
LBFGS:  105 23:06:20     -221.372192        0.548707
LBFGS:  106 23:06:20     -221.434143        0.393233
LBFGS:  107 23:06:20     -221.465210        0.407075
LBFGS:  108 23:06:20     -221.486526        0.261815
LBFGS:  109 23:06:20     -221.506439        0.219342
LBFGS:  110 23:06:20     -221.514648        0.177840
LBFGS:  111 23:06:20     -221.527863        0.190046
LBFGS:  112 23:06:20     -221.535858        0.204771
LBFGS:  113 23:06:21     -221.543945        0.170018
LBFGS:  114 23:06:21     -221.547638        0.115609
LBFGS:  115 23:06:21     -221.550293        0.108991
LBFGS:  116 23:06:21     -221.552078        0.106926
LBFGS:  117 23:06:21     -221.553894        0.096252
       Step     Time          Energy          fmax
LBFGS:    0 00:00:43     -187.177475        9.276482
LBFGS:    1 00:00:43     -190.549393        4.120760
LBFGS:    2 00:00:43     -194.851639        5.110645
LBFGS:    3 00:00:43     -197.922729        6.887574
LBFGS:    4 00:00:43     -200.584259        6.452673
LBFGS:    5 00:00:44     -203.152069       10.540192
LBFGS:    6 00:00:44     -204.943085       10.335608
LBFGS:    7 00:00:44     -205.990295        3.878770
LBFGS:    8 00:00:44     -207.443573        2.118190
LBFGS:    9 00:00:44     -209.215271        6.639333
LBFGS:   10 00:00:44     -210.163696        2.944806
LBFGS:   11 00:00:44     -211.762711        3.307459
LBFGS:   12 00:00:44     -212.633209        2.951174
LBFGS:   13 00:00:44     -213.467422        2.430471
LBFGS:   14 00:00:44     -214.286041        2.146330
LBFGS:   15 00:00:44     -215.385162        2.066305
LBFGS:   16 00:00:44     -215.760620        1.410909
LBFGS:   17 00:00:44     -216.222565        2.711108
LBFGS:   18 00:00:44     -216.538696        1.482644
LBFGS:   19 00:00:44     -216.767807        1.062808
LBFGS:   20 00:00:44     -217.218887        1.656010
LBFGS:   21 00:00:44     -217.375946        1.047503
LBFGS:   22 00:00:44     -217.680145        0.857686
LBFGS:   23 00:00:44     -217.839935        1.064517
LBFGS:   24 00:00:44     -217.966125        1.181000
LBFGS:   25 00:00:44     -218.066956        0.737659
LBFGS:   26 00:00:45     -218.138626        0.562885
LBFGS:   27 00:00:45     -218.204361        0.591627
LBFGS:   28 00:00:45     -218.265961        0.679095
LBFGS:   29 00:00:45     -218.355148        0.755658
LBFGS:   30 00:00:45     -218.432693        0.719900
LBFGS:   31 00:00:45     -218.569519        0.794481
LBFGS:   32 00:00:45     -218.639328        0.658907
LBFGS:   33 00:00:45     -218.710083        0.487289
LBFGS:   34 00:00:45     -218.767792        0.572690
LBFGS:   35 00:00:45     -218.815918        0.571850
LBFGS:   36 00:00:45     -218.874268        0.630265
LBFGS:   37 00:00:45     -218.935303        0.637047
LBFGS:   38 00:00:45     -218.988434        0.570785
LBFGS:   39 00:00:45     -219.035339        0.489253
LBFGS:   40 00:00:45     -219.066437        0.368181
LBFGS:   41 00:00:45     -219.091949        0.333390
LBFGS:   42 00:00:45     -219.116516        0.385259
LBFGS:   43 00:00:45     -219.135452        0.376651
LBFGS:   44 00:00:45     -219.151764        0.246331
LBFGS:   45 00:00:46     -219.163147        0.234690
LBFGS:   46 00:00:46     -219.172440        0.203310
LBFGS:   47 00:00:46     -219.180130        0.268055
LBFGS:   48 00:00:46     -219.188965        0.278579
LBFGS:   49 00:00:46     -219.198990        0.275671
LBFGS:   50 00:00:46     -219.209610        0.263034
LBFGS:   51 00:00:46     -219.232300        0.396752
LBFGS:   52 00:00:46     -219.284058        0.819776
LBFGS:   53 00:00:46     -219.265686        1.381858
LBFGS:   54 00:00:46     -219.368729        0.827556
LBFGS:   55 00:00:46     -219.449463        0.710947
LBFGS:   56 00:00:46     -219.621597        0.613506
LBFGS:   57 00:00:46     -219.685150        0.613681
LBFGS:   58 00:00:46     -219.754669        0.574124
LBFGS:   59 00:00:46     -219.815674        0.677176
LBFGS:   60 00:00:46     -219.865173        0.590447
LBFGS:   61 00:00:46     -219.933716        0.593369
LBFGS:   62 00:00:46     -219.983063        0.619403
LBFGS:   63 00:00:46     -220.025513        0.554628
LBFGS:   64 00:00:46     -220.060059        0.446705
LBFGS:   65 00:00:47     -220.091080        0.453107
LBFGS:   66 00:00:47     -220.118622        0.435619
LBFGS:   67 00:00:47     -220.143539        0.405032
LBFGS:   68 00:00:47     -220.159180        0.297400
LBFGS:   69 00:00:47     -220.172760        0.358009
LBFGS:   70 00:00:47     -220.184692        0.320348
LBFGS:   71 00:00:47     -220.195267        0.217841
LBFGS:   72 00:00:47     -220.205872        0.241405
LBFGS:   73 00:00:47     -220.215134        0.236480
LBFGS:   74 00:00:47     -220.226669        0.272394
LBFGS:   75 00:00:47     -220.235138        0.202689
LBFGS:   76 00:00:47     -220.241455        0.184001
LBFGS:   77 00:00:47     -220.247910        0.175848
LBFGS:   78 00:00:47     -220.255280        0.278293
LBFGS:   79 00:00:47     -220.264114        0.249520
LBFGS:   80 00:00:47     -220.274414        0.295618
LBFGS:   81 00:00:47     -220.279877        0.188420
LBFGS:   82 00:00:47     -220.284073        0.148244
LBFGS:   83 00:00:47     -220.288467        0.140743
LBFGS:   84 00:00:47     -220.292603        0.152117
LBFGS:   85 00:00:48     -220.296265        0.116240
LBFGS:   86 00:00:48     -220.300095        0.116094
LBFGS:   87 00:00:48     -220.302658        0.116389
LBFGS:   88 00:00:48     -220.305954        0.137723
LBFGS:   89 00:00:48     -220.308243        0.100462
LBFGS:   90 00:00:48     -220.310730        0.089464
       Step     Time          Energy          fmax
LBFGS:    0 17:33:19     -187.177475        9.276482
LBFGS:    1 17:33:19     -190.549393        4.120760
LBFGS:    2 17:33:19     -194.851639        5.110645
LBFGS:    3 17:33:19     -197.922729        6.887574
LBFGS:    4 17:33:19     -200.584259        6.452673
LBFGS:    5 17:33:19     -203.152069       10.540192
LBFGS:    6 17:33:19     -204.943085       10.335608
LBFGS:    7 17:33:19     -205.990295        3.878770
LBFGS:    8 17:33:19     -207.443573        2.118190
LBFGS:    9 17:33:19     -209.215271        6.639333
LBFGS:   10 17:33:19     -210.163696        2.944806
LBFGS:   11 17:33:19     -211.762711        3.307459
LBFGS:   12 17:33:19     -212.633209        2.951174
LBFGS:   13 17:33:19     -213.467422        2.430471
LBFGS:   14 17:33:20     -214.286041        2.146330
LBFGS:   15 17:33:20     -215.385162        2.066305
LBFGS:   16 17:33:20     -215.760620        1.410909
LBFGS:   17 17:33:20     -216.222565        2.711108
LBFGS:   18 17:33:20     -216.538696        1.482644
LBFGS:   19 17:33:20     -216.767807        1.062808
LBFGS:   20 17:33:20     -217.218887        1.656010
LBFGS:   21 17:33:20     -217.375946        1.047503
LBFGS:   22 17:33:20     -217.680145        0.857686
LBFGS:   23 17:33:20     -217.839935        1.064517
LBFGS:   24 17:33:20     -217.966125        1.181000
LBFGS:   25 17:33:20     -218.066956        0.737659
LBFGS:   26 17:33:20     -218.138626        0.562885
LBFGS:   27 17:33:20     -218.204361        0.591627
LBFGS:   28 17:33:20     -218.265961        0.679095
LBFGS:   29 17:33:20     -218.355148        0.755658
LBFGS:   30 17:33:20     -218.432693        0.719900
LBFGS:   31 17:33:20     -218.569519        0.794481
LBFGS:   32 17:33:21     -218.639328        0.658907
LBFGS:   33 17:33:21     -218.710083        0.487289
LBFGS:   34 17:33:21     -218.767792        0.572690
LBFGS:   35 17:33:21     -218.815918        0.571850
LBFGS:   36 17:33:21     -218.874268        0.630265
LBFGS:   37 17:33:21     -218.935303        0.637047
LBFGS:   38 17:33:21     -218.988434        0.570785
LBFGS:   39 17:33:21     -219.035339        0.489253
LBFGS:   40 17:33:21     -219.066437        0.368181
LBFGS:   41 17:33:21     -219.091949        0.333390
LBFGS:   42 17:33:21     -219.116516        0.385259
LBFGS:   43 17:33:21     -219.135452        0.376651
LBFGS:   44 17:33:21     -219.151764        0.246331
LBFGS:   45 17:33:21     -219.163147        0.234690
LBFGS:   46 17:33:21     -219.172440        0.203310
LBFGS:   47 17:33:21     -219.180130        0.268055
LBFGS:   48 17:33:21     -219.188965        0.278579
LBFGS:   49 17:33:21     -219.198990        0.275671
LBFGS:   50 17:33:22     -219.209610        0.263034
LBFGS:   51 17:33:22     -219.232300        0.396752
LBFGS:   52 17:33:22     -219.284058        0.819776
LBFGS:   53 17:33:22     -219.265686        1.381858
LBFGS:   54 17:33:22     -219.368729        0.827556
LBFGS:   55 17:33:22     -219.449463        0.710947
LBFGS:   56 17:33:22     -219.621597        0.613506
LBFGS:   57 17:33:22     -219.685150        0.613681
LBFGS:   58 17:33:22     -219.754669        0.574124
LBFGS:   59 17:33:22     -219.815674        0.677176
LBFGS:   60 17:33:22     -219.865173        0.590447
LBFGS:   61 17:33:22     -219.933716        0.593369
LBFGS:   62 17:33:22     -219.983063        0.619403
LBFGS:   63 17:33:22     -220.025513        0.554628
LBFGS:   64 17:33:22     -220.060059        0.446705
LBFGS:   65 17:33:22     -220.091080        0.453107
LBFGS:   66 17:33:22     -220.118622        0.435619
LBFGS:   67 17:33:22     -220.143539        0.405032
LBFGS:   68 17:33:23     -220.159180        0.297400
LBFGS:   69 17:33:23     -220.172760        0.358009
LBFGS:   70 17:33:23     -220.184692        0.320348
LBFGS:   71 17:33:23     -220.195267        0.217841
LBFGS:   72 17:33:23     -220.205872        0.241405
LBFGS:   73 17:33:23     -220.215134        0.236480
LBFGS:   74 17:33:23     -220.226669        0.272394
LBFGS:   75 17:33:23     -220.235138        0.202689
LBFGS:   76 17:33:23     -220.241455        0.184001
LBFGS:   77 17:33:23     -220.247910        0.175848
LBFGS:   78 17:33:23     -220.255280        0.278293
LBFGS:   79 17:33:23     -220.264114        0.249520
LBFGS:   80 17:33:23     -220.274414        0.295618
LBFGS:   81 17:33:23     -220.279877        0.188420
LBFGS:   82 17:33:23     -220.284073        0.148244
LBFGS:   83 17:33:23     -220.288467        0.140743
LBFGS:   84 17:33:23     -220.292603        0.152117
LBFGS:   85 17:33:24     -220.296265        0.116240
LBFGS:   86 17:33:24     -220.300095        0.116094
LBFGS:   87 17:33:24     -220.302658        0.116389
LBFGS:   88 17:33:24     -220.305954        0.137723
LBFGS:   89 17:33:24     -220.308243        0.100462
LBFGS:   90 17:33:24     -220.310730        0.089464
