
  Composition: O16Ti8 (24 atoms)
  Initial cell: a=6.9213  b=6.9213  c=6.9213
  Volume: 331.56 A^3
  Optimizer: LBFGS  fmax=0.1  max_steps=100

   Step      Energy(eV)   Fmax(eV/A)        a(A)        b(A)        c(A)     Vol(A3)
  -------------------------------------------------------------------------------------
      1     -221.023560     1.285160    6.921864    6.921380    6.921694    331.6104
      2     -221.344452     1.178960    6.922921    6.921284    6.922911    331.7146
      3     -221.487915     0.921402    6.924091    6.921137    6.924566    331.8427
      4     -221.622101     0.674478    6.926246    6.921006    6.927978    332.1024
      5     -221.676422     0.472349    6.927762    6.921147    6.930739    332.3135
      6     -221.722366     0.367245    6.929963    6.921644    6.934865    332.6397
      7     -221.748322     0.401948    6.932158    6.922316    6.938871    332.9682
      8     -221.777435     0.346433    6.935805    6.923485    6.945395    333.5104
      9     -221.801117     0.356259    6.940252    6.924884    6.953346    334.1703
     10     -221.823334     0.349607    6.944917    6.926280    6.961833    334.8662
     11     -221.853745     0.413698    6.952407    6.928336    6.975784    335.9906
     12     -221.878967     0.385156    6.959215    6.929946    6.988987    337.0252
     13     -221.907104     0.351560    6.967338    6.931524    7.005547    338.2812
     14     -221.934494     0.371939    6.975515    6.932766    7.023129    339.5714
     15     -221.972687     0.413760    6.986896    6.933972    7.049029    341.4076
     16     -222.010437     0.397473    6.997012    6.934379    7.073787    343.0867
     17     -222.052765     0.468479    7.008586    6.934035    7.103882    345.0470
     18     -222.085266     0.402370    7.015830    6.932983    7.124476    346.3114
     19     -222.117096     0.389652    7.020810    6.931254    7.140796    347.2293
     20     -222.144745     0.419523    7.025575    6.929195    7.157119    348.1184
     21     -222.177765     0.372437    7.034115    6.926818    7.183623    349.6468
     22     -222.214828     0.488512    7.046388    6.923659    7.221419    351.8351
     23     -222.252686     0.472762    7.056079    6.919761    7.254544    353.6344
     24     -222.286346     0.439128    7.067373    6.916005    7.291318    355.6781
     25     -222.310242     0.383384    7.071570    6.913052    7.307868    356.4843
     26     -222.334442     0.431397    7.075444    6.909021    7.324944    357.2389
     27     -222.356506     0.334897    7.078346    6.904529    7.339262    357.7934
     28     -222.378448     0.289169    7.083575    6.898961    7.359818    358.6831
     29     -222.399490     0.250798    7.086855    6.893481    7.373743    359.1773
     30     -222.417664     0.245867    7.094880    6.886645    7.401229    360.4353
     31     -222.431885     0.316760    7.098356    6.880333    7.415727    360.9089
     32     -222.443817     0.262809    7.103554    6.875024    7.433533    361.6635
     33     -222.457703     0.252393    7.106166    6.867940    7.445773    361.9401
     34     -222.470093     0.259936    7.110087    6.860591    7.461742    362.4260
     35     -222.485474     0.310243    7.117365    6.846718    7.491677    363.3148
     36     -222.496445     0.262392    7.119675    6.839813    7.501862    363.4778
     37     -222.511597     0.283475    7.127750    6.825371    7.531021    364.3082
     38     -222.519897     0.225462    7.125594    6.821660    7.525584    363.7494
     39     -222.531876     0.267386    7.128243    6.815355    7.531574    363.7641
     40     -222.543152     0.266262    7.133393    6.804602    7.546143    364.0089
     41     -222.554840     0.248659    7.137099    6.793847    7.555192    363.9380
     42     -222.570099     0.240736    7.143186    6.774127    7.570252    363.6982
     43     -222.580139     0.238480    7.144275    6.763409    7.569565    363.0759
     44     -222.589661     0.187903    7.146097    6.753927    7.570136    362.6161
     45     -222.598419     0.222401    7.149621    6.744382    7.576161    362.4669
     46     -222.611115     0.217007    7.156523    6.731957    7.586178    362.4660
     47     -222.623154     0.218805    7.165566    6.713927    7.601126    362.4242
     48     -222.634003     0.251616    7.169637    6.708897    7.599678    362.2391
     49     -222.646057     0.295654    7.180946    6.688929    7.616878    362.2553
     50     -222.659576     0.331596    7.184147    6.679948    7.611433    361.6136
     51     -222.683578     0.338674    7.195557    6.657764    7.617050    360.9775
     52     -222.700745     0.273877    7.201128    6.644708    7.613685    360.2661
     53     -222.716003     0.315772    7.205903    6.637953    7.614675    360.0902
     54     -222.727600     0.263268    7.216618    6.621305    7.624342    359.9146
     55     -222.735840     0.198624    7.217111    6.627653    7.622135    360.2404
     56     -222.745285     0.173865    7.223490    6.623068    7.627113    360.4306
     57     -222.753815     0.225571    7.229249    6.616690    7.626396    360.2412
     58     -222.761322     0.300352    7.237285    6.607323    7.629752    360.1229
     59     -222.771301     0.281939    7.242936    6.600734    7.624856    359.7302
     60     -222.781921     0.234448    7.257810    6.584652    7.627701    359.4283
     61     -222.788956     0.200575    7.260628    6.583352    7.627437    359.4430
     62     -222.797028     0.153900    7.267626    6.579803    7.630666    359.6218
     63     -222.801178     0.173520    7.271904    6.577761    7.634345    359.8069
     64     -222.809601     0.183771    7.282433    6.570238    7.641415    360.0132
     65     -222.817780     0.262941    7.297493    6.557621    7.649777    360.1021
     66     -222.823517     0.232391    7.305820    6.549301    7.654488    360.0525
     67     -222.828735     0.136814    7.312170    6.540517    7.657382    359.8119
     68     -222.831528     0.130561    7.317539    6.533492    7.658893    359.5872
     69     -222.834320     0.149952    7.315697    6.534957    7.660698    359.6686
     70     -222.838074     0.127907    7.319710    6.531347    7.666217    359.7748
     71     -222.842255     0.155480    7.325021    6.526862    7.674938    359.9771
     72     -222.845993     0.125501    7.332826    6.520798    7.685217    360.2244
     73     -222.849945     0.113986    7.341767    6.515843    7.695305    360.5734
     74     -222.853607     0.122473    7.356236    6.504323    7.711268    360.8677
     75     -222.855927     0.106494    7.356106    6.505202    7.709498    360.8264
     76     -222.860962     0.151423    7.360736    6.503226    7.714442    360.9537
     77     -222.863846     0.139276    7.356739    6.508908    7.710300    360.9775
     78     -222.867981     0.196255    7.357997    6.511413    7.713282    361.2107
     79     -222.873001     0.158929    7.363173    6.511452    7.721376    361.6013
     80     -222.879181     0.174110    7.380196    6.503047    7.739694    362.1203
     81     -222.884186     0.172813    7.394381    6.492554    7.753064    362.2194
     82     -222.890717     0.155276    7.406921    6.481986    7.765386    362.1870
     83     -222.895996     0.212222    7.411811    6.478148    7.768204    362.0771
     84     -222.902771     0.248327    7.417254    6.475732    7.773511    362.0939
     85     -222.910156     0.206260    7.412468    6.482588    7.769573    362.1104
     86     -222.915649     0.199821    7.409863    6.488228    7.764466    362.1103
     87     -222.920135     0.138461    7.405593    6.494561    7.758395    362.1715
     88     -222.922699     0.172315    7.411942    6.492273    7.762846    362.2425
     89     -222.925415     0.155045    7.407669    6.493836    7.756498    362.0474
     90     -222.927765     0.096853    7.407099    6.493926    7.755099    361.9735
  -------------------------------------------------------------------------------------

  Converged after 90 steps!  Fmax = 0.096853 eV/A
