
  Composition: In16O24 (40 atoms)
  Initial cell: a=8.7529  b=8.7529  c=8.7529
  Volume: 670.59 A^3  Density: 5.50 g/cm3
  Optimizer: LBFGS  fmax=0.05  max_steps=500
  Cell filter: cubic
  [cell] Cubic: isotropic volume only, shape fixed

   Step      Energy(eV)   Fmax(eV/A)        a(A)        b(A)        c(A)     Vol(A3)
  -------------------------------------------------------------------------------------
      1     -138.324384    67.049803   10.690830   10.690830   10.690830   1221.8962
      2     -169.539208    27.008567    9.036590    9.036590    9.036590    737.9275
      3     -143.466675   210.091761    7.744683    7.744683    7.744683    464.5270
      4     -174.269943    10.465592    8.822447    8.822447    8.822447    686.7003
      5     -176.848375     4.229172    8.748472    8.748472    8.748472    669.5710
      6     -181.569696    13.690744    8.607133    8.607133    8.607133    637.6401
      7     -184.257293    26.614642    8.554436    8.554436    8.554436    625.9997
      8     -186.799566    15.460954    8.632577    8.632577    8.632577    643.3117
      9     -189.741737     6.884006    8.788404    8.788404    8.788404    678.7815
     10     -191.595277    15.364185    8.849585    8.849585    8.849585    693.0567
     11     -193.364339    16.448586    8.855291    8.855291    8.855291    694.3981
     12     -195.080708    13.756784    8.830851    8.830851    8.830851    688.6645
     13     -196.671021     7.656870    8.781432    8.781432    8.781432    677.1674
     14     -198.087378     2.407052    8.709551    8.709551    8.709551    660.6742
     15     -199.179199     5.030891    8.673975    8.673975    8.673975    652.6111
     16     -200.276169     6.866779    8.654338    8.654338    8.654338    648.1890
     17     -200.918419     2.886209    8.675004    8.675004    8.675004    652.8435
     18     -201.922639     3.312817    8.709899    8.709899    8.709899    660.7532
     19     -202.458954     5.693492    8.717876    8.717876    8.717876    662.5704
     20     -202.985367     3.355301    8.695536    8.695536    8.695536    657.4899
     21     -203.311320     1.054752    8.672154    8.672154    8.672154    652.2002
     22     -203.601380     2.489766    8.654456    8.654456    8.654456    648.2153
     23     -203.895195     3.449485    8.651289    8.651289    8.651289    647.5039
     24     -204.168161     2.411639    8.663031    8.663031    8.663031    650.1441
     25     -204.408785     0.840589    8.682474    8.682474    8.682474    654.5314
     26     -204.630701     1.717132    8.698881    8.698881    8.698881    658.2489
     27     -204.818024     2.245194    8.703452    8.703452    8.703452    659.2871
     28     -204.977411     1.226214    8.695172    8.695172    8.695172    657.4072
     29     -205.100798     0.649373    8.682797    8.682797    8.682797    654.6045
     30     -205.195027     1.327938    8.674933    8.674933    8.674933    652.8274
     31     -205.280442     1.379349    8.673608    8.673608    8.673608    652.5282
     32     -205.367444     0.772346    8.676712    8.676712    8.676712    653.2292
     33     -205.459473     0.561424    8.682536    8.682536    8.682536    654.5455
     34     -205.568310     1.201243    8.685943    8.685943    8.685943    655.3163
     35     -205.695596     1.780661    8.686164    8.686164    8.686164    655.3662
     36     -205.813402     0.913562    8.677391    8.677391    8.677391    653.3826
     37     -205.931751     0.734536    8.668553    8.668553    8.668553    651.3881
     38     -206.055498     1.627044    8.661824    8.661824    8.661824    649.8723
     39     -206.153582     1.311399    8.664671    8.664671    8.664671    650.5134
     40     -206.232858     0.691165    8.669958    8.669958    8.669958    651.7048
     41     -206.281800     0.853189    8.678401    8.678401    8.678401    653.6107
     42     -206.346933     1.001685    8.679244    8.679244    8.679244    653.8011
     43     -206.417614     0.709896    8.676369    8.676369    8.676369    653.1517
     44     -206.508133     0.544242    8.671765    8.671765    8.671765    652.1125
     45     -206.585025     0.841339    8.669278    8.669278    8.669278    651.5515
     46     -206.699753     1.077422    8.669932    8.669932    8.669932    651.6991
     47     -206.789827     0.702128    8.673389    8.673389    8.673389    652.4788
     48     -206.875505     0.549017    8.678142    8.678142    8.678142    653.5521
     49     -206.961977     0.613462    8.681446    8.681446    8.681446    654.2989
     50     -207.047398     0.943520    8.681575    8.681575    8.681575    654.3282
     51     -207.112586     0.824069    8.678150    8.678150    8.678150    653.5541
     52     -207.169788     0.474562    8.673329    8.673329    8.673329    652.4654
     53     -207.224241     0.570283    8.668341    8.668341    8.668341    651.3403
     54     -207.284243     0.660917    8.664863    8.664863    8.664863    650.5566
     55     -207.345530     0.887578    8.662926    8.662926    8.662926    650.1205
     56     -207.394429     0.469883    8.664823    8.664823    8.664823    650.5475
     57     -207.439707     0.530236    8.666479    8.666479    8.666479    650.9207
     58     -207.488217     0.568992    8.667457    8.667457    8.667457    651.1410
     59     -207.554716     0.762172    8.665735    8.665735    8.665735    650.7532
     60     -207.615279     0.721746    8.661072    8.661072    8.661072    649.7031
     61     -207.685107     0.601567    8.653148    8.653148    8.653148    647.9214
     62     -207.757533     0.490300    8.643906    8.643906    8.643906    645.8477
     63     -207.826728     0.467915    8.634583    8.634583    8.634583    643.7601
     64     -207.889560     0.464972    8.628039    8.628039    8.628039    642.2977
     65     -207.953789     0.466063    8.621531    8.621531    8.621531    640.8452
     66     -208.017621     0.580884    8.615094    8.615094    8.615094    639.4110
     67     -208.076829     0.472325    8.607259    8.607259    8.607259    637.6680
     68     -208.130210     0.427336    8.601924    8.601924    8.601924    636.4830
     69     -208.178148     0.616082    8.591351    8.591351    8.591351    634.1388
     70     -208.237354     0.508743    8.589500    8.589500    8.589500    633.7291
     71     -208.320325     0.498719    8.582042    8.582042    8.582042    632.0797
     72     -208.388891     0.589534    8.578146    8.578146    8.578146    631.2194
     73     -208.472389     0.512877    8.575284    8.575284    8.575284    630.5877
     74     -208.565782     0.659837    8.576490    8.576490    8.576490    630.8539
     75     -208.675908     0.896612    8.576809    8.576809    8.576809    630.9243
     76     -208.793599     1.114026    8.577350    8.577350    8.577350    631.0436
     77     -208.878033     1.006515    8.564919    8.564919    8.564919    628.3040
     78     -208.989438     0.895235    8.562298    8.562298    8.562298    627.7273
     79     -209.124729     0.815631    8.556287    8.556287    8.556287    626.4063
     80     -209.330215     1.955844    8.540584    8.540584    8.540584    622.9637
     81     -209.443179     0.841499    8.554434    8.554434    8.554434    625.9992
     82     -209.546919     0.630940    8.555135    8.555135    8.555135    626.1531
     83     -209.680002     0.813534    8.557343    8.557343    8.557343    626.6382
     84     -209.750069     0.630221    8.560962    8.560962    8.560962    627.4335
     85     -209.815437     0.380270    8.561762    8.561762    8.561762    627.6095
     86     -209.887078     0.486343    8.562369    8.562369    8.562369    627.7430
     87     -209.928866     0.642270    8.562166    8.562166    8.562166    627.6983
     88     -209.987190     0.740401    8.563905    8.563905    8.563905    628.0808
     89     -210.034102     0.335128    8.569821    8.569821    8.569821    629.3833
     90     -210.065963     0.312248    8.575203    8.575203    8.575203    630.5700
     91     -210.094107     0.426496    8.581676    8.581676    8.581676    631.9989
     92     -210.121353     0.468686    8.585641    8.585641    8.585641    632.8754
     93     -210.145255     0.327371    8.587429    8.587429    8.587429    633.2709
     94     -210.161983     0.198191    8.587033    8.587033    8.587033    633.1833
     95     -210.176517     0.415591    8.586136    8.586136    8.586136    632.9847
     96     -210.193889     0.602800    8.588153    8.588153    8.588153    633.4310
     97     -210.217924     0.531939    8.592762    8.592762    8.592762    634.4513
     98     -210.245715     0.270025    8.602093    8.602093    8.602093    636.5204
     99     -210.276543     0.287863    8.611854    8.611854    8.611854    638.6899
    100     -210.313974     0.748197    8.623055    8.623055    8.623055    641.1852
    101     -210.363078     1.145158    8.630256    8.630256    8.630256    642.7928
    102     -210.419129     0.943033    8.630898    8.630898    8.630898    642.9363
    103     -210.477841     0.434786    8.623774    8.623774    8.623774    641.3457
    104     -210.523791     0.448318    8.622080    8.622080    8.622080    640.9678
    105     -210.569088     2.319316    8.605372    8.605372    8.605372    637.2487
    106     -210.510477     6.593275    8.664987    8.664987    8.664987    650.5846
    107     -210.637334     0.412498    8.619484    8.619484    8.619484    640.3888
    108     -210.652113     2.313773    8.606754    8.606754    8.606754    637.5558
    109     -210.702689     0.942152    8.615957    8.615957    8.615957    639.6031
    110     -210.744126     0.425059    8.624883    8.624883    8.624883    641.5930
    111     -210.770701     0.802635    8.627455    8.627455    8.627455    642.1672
    112     -210.808051     0.775363    8.626896    8.626896    8.626896    642.0425
    113     -210.829887     0.361447    8.623809    8.623809    8.623809    641.3534
    114     -210.864076     0.293574    8.618769    8.618769    8.618769    640.2295
    115     -210.886874     0.478086    8.616196    8.616196    8.616196    639.6564
    116     -210.906282     0.297611    8.616171    8.616171    8.616171    639.6509
    117     -210.920531     0.229982    8.616913    8.616913    8.616913    639.8161
    118     -210.933414     0.342578    8.617521    8.617521    8.617521    639.9515
    119     -210.944996     0.187491    8.614667    8.614667    8.614667    639.3160
    120     -210.954328     0.584164    8.615675    8.615675    8.615675    639.5403
    121     -210.964270     0.173664    8.609432    8.609432    8.609432    638.1511
    122     -210.975820     0.394204    8.607307    8.607307    8.607307    637.6786
    123     -210.987453     0.689988    8.604407    8.604407    8.604407    637.0343
    124     -210.995441     0.197252    8.608108    8.608108    8.608108    637.8567
    125     -211.004501     0.184366    8.610329    8.610329    8.610329    638.3506
    126     -211.020812     0.724292    8.613027    8.613027    8.613027    638.9508
    127     -211.034075     0.662791    8.612283    8.612283    8.612283    638.7852
    128     -211.049790     0.521841    8.610112    8.610112    8.610112    638.3024
    129     -211.062764     0.274698    8.606094    8.606094    8.606094    637.4090
    130     -211.076344     0.498078    8.604193    8.604193    8.604193    636.9869
    131     -211.091309     0.642473    8.604054    8.604054    8.604054    636.9558
    132     -211.104929     0.405403    8.605733    8.605733    8.605733    637.3289
    133     -211.118910     0.235011    8.610312    8.610312    8.610312    638.3468
    134     -211.130813     0.422571    8.611689    8.611689    8.611689    638.6530
    135     -211.144731     0.647487    8.613129    8.613129    8.613129    638.9736
    136     -211.158112     0.397656    8.611020    8.611020    8.611020    638.5042
    137     -211.171416     0.201390    8.606204    8.606204    8.606204    637.4336
    138     -211.181406     0.404870    8.603983    8.603983    8.603983    636.9403
    139     -211.194733     0.473236    8.602124    8.602124    8.602124    636.5273
    140     -211.205826     0.240900    8.602128    8.602128    8.602128    636.5282
    141     -211.214328     0.174288    8.602891    8.602891    8.602891    636.6978
    142     -211.221545     0.324168    8.603031    8.603031    8.603031    636.7289
    143     -211.229755     0.381804    8.602320    8.602320    8.602320    636.5708
    144     -211.237760     0.297631    8.600711    8.600711    8.600711    636.2138
    145     -211.244080     0.137397    8.598573    8.598573    8.598573    635.7394
    146     -211.248568     0.127686    8.597681    8.597681    8.597681    635.5417
    147     -211.252512     0.280253    8.597196    8.597196    8.597196    635.4340
    148     -211.256689     0.189936    8.598003    8.598003    8.598003    635.6131
    149     -211.260432     0.094161    8.599170    8.599170    8.599170    635.8718
    150     -211.263264     0.117547    8.600082    8.600082    8.600082    636.0743
    151     -211.265781     0.192197    8.600443    8.600443    8.600443    636.1544
    152     -211.268007     0.148430    8.599835    8.599835    8.599835    636.0194
    153     -211.270022     0.074949    8.599172    8.599172    8.599172    635.8724
    154     -211.271904     0.075420    8.598120    8.598120    8.598120    635.6389
    155     -211.273983     0.134088    8.597400    8.597400    8.597400    635.4792
    156     -211.275835     0.138171    8.597056    8.597056    8.597056    635.4030
    157     -211.277721     0.069023    8.597232    8.597232    8.597232    635.4421
    158     -211.279355     0.062926    8.597421    8.597421    8.597421    635.4840
    159     -211.281122     0.119133    8.597664    8.597664    8.597664    635.5378
    160     -211.283242     0.128713    8.597599    8.597599    8.597599    635.5234
    161     -211.285907     0.105606    8.597419    8.597419    8.597419    635.4835
    162     -211.289257     0.116165    8.597085    8.597085    8.597085    635.4094
    163     -211.293966     0.120493    8.597007    8.597007    8.597007    635.3921
    164     -211.301044     0.179217    8.597207    8.597207    8.597207    635.4365
    165     -211.311616     0.200670    8.598396    8.598396    8.598396    635.7002
    166     -211.324279     0.228136    8.599312    8.599312    8.599312    635.9033
    167     -211.337001     0.245093    8.601063    8.601063    8.601063    636.2919
    168     -211.346969     0.257957    8.600313    8.600313    8.600313    636.1255
    169     -211.358377     0.204423    8.599159    8.599159    8.599159    635.8693
    170     -211.368604     0.193308    8.598869    8.598869    8.598869    635.8050
    171     -211.378327     0.139815    8.597097    8.597097    8.597097    635.4122
    172     -211.384332     0.137867    8.596366    8.596366    8.596366    635.2500
    173     -211.389834     0.121157    8.595724    8.595724    8.595724    635.1078
    174     -211.395048     0.114227    8.595951    8.595951    8.595951    635.1580
    175     -211.400191     0.118173    8.596314    8.596314    8.596314    635.2385
    176     -211.404384     0.128421    8.596653    8.596653    8.596653    635.3136
    177     -211.407845     0.097360    8.596463    8.596463    8.596463    635.2715
    178     -211.410825     0.086715    8.595929    8.595929    8.595929    635.1532
    179     -211.413500     0.091567    8.595290    8.595290    8.595290    635.0115
    180     -211.415899     0.093078    8.594797    8.594797    8.594797    634.9022
    181     -211.418180     0.112595    8.594688    8.594688    8.594688    634.8781
    182     -211.420386     0.086852    8.594892    8.594892    8.594892    634.9233
    183     -211.422465     0.086630    8.595205    8.595205    8.595205    634.9927
    184     -211.424440     0.073394    8.595432    8.595432    8.595432    635.0430
    185     -211.426548     0.084318    8.595262    8.595262    8.595262    635.0052
    186     -211.428953     0.103940    8.594623    8.594623    8.594623    634.8638
    187     -211.431526     0.085072    8.593592    8.593592    8.593592    634.6352
    188     -211.434019     0.088057    8.592356    8.592356    8.592356    634.3613
    189     -211.436595     0.090724    8.591258    8.591258    8.591258    634.1182
    190     -211.439596     0.087520    8.590165    8.590165    8.590165    633.8762
    191     -211.443034     0.118261    8.589317    8.589317    8.589317    633.6887
    192     -211.446382     0.125536    8.588496    8.588496    8.588496    633.5069
    193     -211.449442     0.090176    8.587984    8.587984    8.587984    633.3936
    194     -211.452163     0.086003    8.587262    8.587262    8.587262    633.2338
    195     -211.454916     0.092632    8.586754    8.586754    8.586754    633.1214
    196     -211.457657     0.100135    8.585947    8.585947    8.585947    632.9430
    197     -211.460479     0.091462    8.585593    8.585593    8.585593    632.8646
    198     -211.463268     0.097306    8.584926    8.584926    8.584926    632.7173
    199     -211.466188     0.105209    8.584489    8.584489    8.584489    632.6205
    200     -211.468984     0.104782    8.583607    8.583607    8.583607    632.4257
    201     -211.471483     0.085940    8.582514    8.582514    8.582514    632.1841
    202     -211.473549     0.078040    8.581227    8.581227    8.581227    631.8998
    203     -211.475514     0.075793    8.579747    8.579747    8.579747    631.5729
    204     -211.477410     0.079057    8.578739    8.578739    8.578739    631.3504
    205     -211.479227     0.082077    8.577281    8.577281    8.577281    631.0284
    206     -211.480844     0.081860    8.577813    8.577813    8.577813    631.1458
    207     -211.481879     0.081501    8.576276    8.576276    8.576276    630.8066
    208     -211.477780     1.655111    8.585526    8.585526    8.585526    632.8499
    209     -211.483934     0.068510    8.575824    8.575824    8.575824    630.7070
    210     -211.484839     0.065201    8.575644    8.575644    8.575644    630.6673
    211     -211.486396     0.223852    8.573389    8.573389    8.573389    630.1697
    212     -211.488385     0.145102    8.572733    8.572733    8.572733    630.0251
    213     -211.489761     0.064404    8.573100    8.573100    8.573100    630.1061
    214     -211.491363     0.099626    8.573133    8.573133    8.573133    630.1133
    215     -211.493515     0.211710    8.573952    8.573952    8.573952    630.2940
    216     -211.495903     0.163215    8.572514    8.572514    8.572514    629.9770
    217     -211.499103     0.110446    8.572995    8.572995    8.572995    630.0828
    218     -211.502546     0.106090    8.571838    8.571838    8.571838    629.8278
    219     -211.506505     0.146090    8.570868    8.570868    8.570868    629.6142
    220     -211.509000     0.146642    8.570902    8.570902    8.570902    629.6217
    221     -211.512240     0.109131    8.572313    8.572313    8.572313    629.9326
    222     -211.514530     0.106356    8.572916    8.572916    8.572916    630.0655
    223     -211.516472     0.151583    8.575458    8.575458    8.575458    630.6262
    224     -211.518687     0.089381    8.574719    8.574719    8.574719    630.4632
    225     -211.521409     0.079047    8.574765    8.574765    8.574765    630.4733
    226     -211.523031     0.405241    8.572144    8.572144    8.572144    629.8953
    227     -211.524859     0.078630    8.575574    8.575574    8.575574    630.6517
    228     -211.526401     0.059807    8.575708    8.575708    8.575708    630.6812
    229     -211.528307     0.064382    8.576080    8.576080    8.576080    630.7634
    230     -211.529209     0.062939    8.576204    8.576204    8.576204    630.7908
    231     -211.530317     0.046246    8.576485    8.576485    8.576485    630.8528
  -------------------------------------------------------------------------------------

  Converged after 231 steps!  Fmax = 0.046246 eV/A
