
  Composition: In16O24 (40 atoms)
  Initial cell: a=8.7529  b=8.7529  c=8.7529
  Volume: 670.59 A^3  Density: 5.50 g/cm3
  Optimizer: LBFGS  fmax=0.05  max_steps=500
  Cell filter: cubic
  [cell] Cubic: isotropic volume only, shape fixed

   Step      Energy(eV)   Fmax(eV/A)        a(A)        b(A)        c(A)     Vol(A3)
  -------------------------------------------------------------------------------------
      1     -140.122143    63.395587   10.503494   10.503494   10.503494   1158.7810
      2     -162.843647    27.877788    9.164710    9.164710    9.164710    769.7615
      3     -137.211059   204.942295    7.772712    7.772712    7.772712    469.5888
      4     -167.372945    13.383694    8.931759    8.931759    8.931759    712.5428
      5     -170.191963     6.021801    8.830437    8.830437    8.830437    688.5676
      6     -175.608404    19.934693    8.613892    8.613892    8.613892    639.1433
      7     -178.044605    34.364722    8.549996    8.549996    8.549996    625.0255
      8     -182.247100    20.892772    8.652410    8.652410    8.652410    647.7557
      9     -185.445174     8.922624    8.781608    8.781608    8.781608    677.2080
     10     -187.496094     6.598965    8.951681    8.951681    8.951681    717.3213
     11     -188.540273    13.480844    9.006450    9.006450    9.006450    730.5684
     12     -190.102331    11.383017    9.018444    9.018444    9.018444    733.4911
     13     -191.294834     7.228970    8.958746    8.958746    8.958746    719.0212
     14     -192.789394     4.081824    8.852254    8.852254    8.852254    693.6840
     15     -193.799806     6.555790    8.810808    8.810808    8.810808    683.9861
     16     -195.051709     5.420954    8.801471    8.801471    8.801471    681.8139
     17     -195.807220     2.009984    8.829641    8.829641    8.829641    688.3815
     18     -196.864241     3.998231    8.869307    8.869307    8.869307    697.7005
     19     -197.823738     6.030929    8.890234    8.890234    8.890234    702.6509
     20     -198.818522     5.230759    8.880686    8.880686    8.880686    700.3893
     21     -199.674255     2.100072    8.844984    8.844984    8.844984    691.9762
     22     -200.551513     2.381815    8.794366    8.794366    8.794366    680.1640
     23     -201.436033     3.416414    8.767885    8.767885    8.767885    674.0382
     24     -202.362430     3.515705    8.765030    8.765030    8.765030    673.3800
     25     -203.468695     2.883143    8.785561    8.785561    8.785561    678.1229
     26     -204.119422     2.158668    8.800263    8.800263    8.800263    681.5330
     27     -204.660163     3.948865    8.818709    8.818709    8.818709    685.8278
     28     -205.119342     1.277062    8.807473    8.807473    8.807473    683.2096
     29     -205.432986     1.124228    8.806829    8.806829    8.806829    683.0597
     30     -205.999955     2.519690    8.797422    8.797422    8.797422    680.8734
     31     -206.298958     1.527560    8.809216    8.809216    8.809216    683.6153
     32     -206.766340     1.371504    8.831954    8.831954    8.831954    688.9225
     33     -207.070974     2.472578    8.846297    8.846297    8.846297    692.2845
     34     -207.375803     2.487418    8.850513    8.850513    8.850513    693.2748
     35     -207.603054     1.261489    8.842255    8.842255    8.842255    691.3358
     36     -207.781167     1.201644    8.828970    8.828970    8.828970    688.2246
     37     -207.978797     2.523693    8.818497    8.818497    8.818497    685.7782
     38     -208.282666     2.909258    8.810935    8.810935    8.810935    684.0157
     39     -208.657061     2.250200    8.801619    8.801619    8.801619    681.8482
     40     -209.048732     2.597583    8.799849    8.799849    8.799849    681.4369
     41     -209.678387     4.162614    8.801528    8.801528    8.801528    681.8270
     42     -210.214110     4.227042    8.797679    8.797679    8.797679    680.9329
     43     -211.156635     1.472592    8.754737    8.754737    8.754737    671.0106
     44     -211.518349     1.578907    8.746179    8.746179    8.746179    669.0446
     45     -212.101691     1.224047    8.730261    8.730261    8.730261    665.3982
     46     -212.330657     0.877336    8.729937    8.729937    8.729937    665.3243
     47     -212.582356     1.002988    8.721731    8.721731    8.721731    663.4497
     48     -212.727697     1.034138    8.720174    8.720174    8.720174    663.0945
     49     -212.921921     0.953639    8.714478    8.714478    8.714478    661.7960
     50     -213.029182     0.600942    8.707465    8.707465    8.707465    660.1996
     51     -213.120001     0.524235    8.698613    8.698613    8.698613    658.1881
     52     -213.219662     1.065749    8.691869    8.691869    8.691869    656.6585
     53     -213.327292     1.261654    8.685635    8.685635    8.685635    655.2466
     54     -213.438374     0.697415    8.685452    8.685452    8.685452    655.2051
     55     -213.551744     0.670594    8.683561    8.683561    8.683561    654.7772
     56     -213.664180     1.173606    8.683333    8.683333    8.683333    654.7256
     57     -213.763605     1.069588    8.676220    8.676220    8.676220    653.1181
     58     -213.849953     0.608551    8.670699    8.670699    8.670699    651.8719
     59     -213.922957     0.505106    8.660578    8.660578    8.660578    649.5918
     60     -213.991425     0.971405    8.656547    8.656547    8.656547    648.6853
     61     -214.047077     0.934341    8.653988    8.653988    8.653988    648.1101
     62     -214.095185     0.578450    8.658535    8.658535    8.658535    649.1324
     63     -214.139394     0.408030    8.664685    8.664685    8.664685    650.5164
     64     -214.190657     0.947971    8.669020    8.669020    8.669020    651.4935
     65     -214.244238     1.093676    8.670612    8.670612    8.670612    651.8523
     66     -214.295865     0.561572    8.667484    8.667484    8.667484    651.1472
     67     -214.342039     0.446762    8.663258    8.663258    8.663258    650.1951
     68     -214.390301     0.843635    8.659147    8.659147    8.659147    649.2700
     69     -214.442911     1.112215    8.658351    8.658351    8.658351    649.0910
     70     -214.500584     0.772121    8.661560    8.661560    8.661560    649.8130
     71     -214.561438     0.522279    8.668691    8.668691    8.668691    651.4192
     72     -214.624465     0.719047    8.675979    8.675979    8.675979    653.0635
     73     -214.687756     0.929002    8.682289    8.682289    8.682289    654.4895
     74     -214.735134     0.915634    8.681673    8.681673    8.681673    654.3504
     75     -214.772279     0.513096    8.678440    8.678440    8.678440    653.6195
     76     -214.805179     0.407801    8.675922    8.675922    8.675922    653.0507
     77     -214.841036     0.828315    8.672893    8.672893    8.672893    652.3669
     78     -214.863983     0.632065    8.675468    8.675468    8.675468    652.9482
     79     -214.897401     0.337243    8.682320    8.682320    8.682320    654.4966
     80     -214.922527     0.620413    8.689159    8.689159    8.689159    656.0443
     81     -214.953036     0.948492    8.694983    8.694983    8.694983    657.3644
     82     -214.979232     0.767252    8.697472    8.697472    8.697472    657.9292
     83     -215.001481     0.321075    8.696618    8.696618    8.696618    657.7352
     84     -215.021357     0.394121    8.695637    8.695637    8.695637    657.5129
     85     -215.041508     0.738127    8.695588    8.695588    8.695588    657.5017
     86     -215.060447     0.571681    8.697317    8.697317    8.697317    657.8940
     87     -215.076552     0.316343    8.701256    8.701256    8.701256    658.7882
     88     -215.090958     0.411774    8.703846    8.703846    8.703846    659.3767
     89     -215.105567     0.760272    8.706238    8.706238    8.706238    659.9205
     90     -215.122186     0.677502    8.704934    8.704934    8.704934    659.6241
     91     -215.136328     0.342189    8.701721    8.701721    8.701721    658.8940
     92     -215.148300     0.186318    8.697906    8.697906    8.697906    658.0276
     93     -215.158526     0.356518    8.694791    8.694791    8.694791    657.3210
     94     -215.168037     0.401404    8.693474    8.693474    8.693474    657.0222
     95     -215.177012     0.196546    8.693822    8.693822    8.693822    657.1012
     96     -215.185974     0.220389    8.695016    8.695016    8.695016    657.3719
     97     -215.195219     0.382099    8.696098    8.696098    8.696098    657.6175
     98     -215.204641     0.382068    8.695406    8.695406    8.695406    657.4605
     99     -215.213479     0.269921    8.693558    8.693558    8.693558    657.0412
    100     -215.222137     0.221999    8.689863    8.689863    8.689863    656.2039
    101     -215.230468     0.193676    8.687074    8.687074    8.687074    655.5722
    102     -215.238713     0.394203    8.684273    8.684273    8.684273    654.9382
    103     -215.246259     0.188122    8.684262    8.684262    8.684262    654.9358
    104     -215.254191     0.152769    8.684934    8.684934    8.684934    655.0879
    105     -215.261515     0.382783    8.685326    8.685326    8.685326    655.1765
    106     -215.270129     0.433434    8.685284    8.685284    8.685284    655.1671
    107     -215.277786     0.145474    8.682779    8.682779    8.682779    654.6005
    108     -215.280966     1.080007    8.690498    8.690498    8.690498    656.3477
    109     -215.280767     1.841192    8.671932    8.671932    8.671932    652.1502
    110     -215.290735     0.296681    8.681042    8.681042    8.681042    654.2077
    111     -215.294063     0.089173    8.683892    8.683892    8.683892    654.8521
    112     -215.300338     0.585298    8.687216    8.687216    8.687216    655.6045
    113     -215.304574     0.438114    8.686986    8.686986    8.686986    655.5524
    114     -215.309176     0.125005    8.684505    8.684505    8.684505    654.9907
    115     -215.312968     0.117811    8.683057    8.683057    8.683057    654.6633
    116     -215.316093     0.471199    8.679822    8.679822    8.679822    653.9317
    117     -215.319197     0.205397    8.681385    8.681385    8.681385    654.2851
    118     -215.322549     0.126080    8.682236    8.682236    8.682236    654.4775
    119     -215.327734     0.254597    8.683364    8.683364    8.683364    654.7327
    120     -215.331681     0.246012    8.683014    8.683014    8.683014    654.6535
    121     -215.336859     0.242527    8.682208    8.682208    8.682208    654.4712
    122     -215.341817     0.150979    8.680494    8.680494    8.680494    654.0837
    123     -215.347945     0.163405    8.679355    8.679355    8.679355    653.8262
    124     -215.356182     0.328075    8.678098    8.678098    8.678098    653.5422
    125     -215.363267     0.153015    8.678385    8.678385    8.678385    653.6071
    126     -215.371197     0.162919    8.679055    8.679055    8.679055    653.7585
    127     -215.377539     0.267318    8.678752    8.678752    8.678752    653.6900
    128     -215.384725     0.252167    8.677403    8.677403    8.677403    653.3852
    129     -215.390873     0.183838    8.674928    8.674928    8.674928    652.8262
    130     -215.397525     0.143888    8.671456    8.671456    8.671456    652.0428
    131     -215.403763     0.215100    8.668935    8.668935    8.668935    651.4742
    132     -215.410640     0.265572    8.667019    8.667019    8.667019    651.0424
    133     -215.416245     0.135644    8.666790    8.666790    8.666790    650.9907
    134     -215.420992     0.150117    8.667084    8.667084    8.667084    651.0570
    135     -215.424907     0.228500    8.667836    8.667836    8.667836    651.2265
    136     -215.429067     0.201915    8.667666    8.667666    8.667666    651.1882
    137     -215.433579     0.176753    8.667064    8.667064    8.667064    651.0526
    138     -215.438446     0.130399    8.665540    8.665540    8.665540    650.7092
    139     -215.442531     0.101844    8.664965    8.664965    8.664965    650.5796
    140     -215.445755     0.102339    8.664613    8.664613    8.664613    650.5004
    141     -215.448208     0.084168    8.665887    8.665887    8.665887    650.7874
    142     -215.450324     0.118484    8.666762    8.666762    8.666762    650.9844
    143     -215.452405     0.084098    8.667603    8.667603    8.667603    651.1740
    144     -215.454621     0.160219    8.668608    8.668608    8.668608    651.4004
    145     -215.456487     0.069840    8.668122    8.668122    8.668122    651.2910
    146     -215.458173     0.083795    8.669296    8.669296    8.669296    651.5557
    147     -215.459607     0.153077    8.668600    8.668600    8.668600    651.3988
    148     -215.460909     0.066453    8.670027    8.670027    8.670027    651.7205
    149     -215.462095     0.065045    8.670723    8.670723    8.670723    651.8773
    150     -215.463151     0.067887    8.671837    8.671837    8.671837    652.1286
    151     -215.464074     0.076194    8.672371    8.672371    8.672371    652.2492
    152     -215.464828     0.053294    8.672505    8.672505    8.672505    652.2794
    153     -215.465482     0.043100    8.672291    8.672291    8.672291    652.2312
  -------------------------------------------------------------------------------------

  Converged after 153 steps!  Fmax = 0.043100 eV/A
